Archive member included because of file (symbol)

/home/astosia/.pebble-sdk/SDKs/current/sdk-core/pebble/aplite/lib/libpebble.a(tmp7jpKUopebble.o)
                              src/c/main.c.33.o (app_event_loop)
/home/astosia/pebble-dev/pebble-sdk-4.5-linux64/Rehoboam/node_modules/pebble-fctx/dist/binaries/aplite/libpebble-fctx.a(fctx.c.26.o)
                              src/c/main.c.33.o (fctx_begin_fill)
/home/astosia/pebble-dev/pebble-sdk-4.5-linux64/Rehoboam/node_modules/pebble-fctx/dist/binaries/aplite/libpebble-fctx.a(ffont.c.26.o)
                              src/c/main.c.33.o (ffont_create_from_resource)
/home/astosia/pebble-dev/pebble-sdk-4.5-linux64/Rehoboam/node_modules/pebble-utf8/dist/binaries/aplite/libpebble-utf8.a(pebble-utf8.c.26.o)
                              /home/astosia/pebble-dev/pebble-sdk-4.5-linux64/Rehoboam/node_modules/pebble-fctx/dist/binaries/aplite/libpebble-fctx.a(fctx.c.26.o) (utf8_decode_byte)
/home/astosia/pebble-dev/pebble-sdk-4.5-linux64/arm-cs-tools/bin/../lib/gcc/arm-none-eabi/4.7.2/thumb2/libgcc.a(_arm_addsubdf3.o)
                              src/c/math.c.33.o (__aeabi_dsub)
/home/astosia/pebble-dev/pebble-sdk-4.5-linux64/arm-cs-tools/bin/../lib/gcc/arm-none-eabi/4.7.2/thumb2/libgcc.a(_arm_muldivdf3.o)
                              src/c/math.c.33.o (__aeabi_dmul)
/home/astosia/pebble-dev/pebble-sdk-4.5-linux64/arm-cs-tools/bin/../lib/gcc/arm-none-eabi/4.7.2/thumb2/libgcc.a(_arm_truncdfsf2.o)
                              src/c/math.c.33.o (__aeabi_d2f)
/home/astosia/pebble-dev/pebble-sdk-4.5-linux64/arm-cs-tools/bin/../lib/gcc/arm-none-eabi/4.7.2/thumb2/libgcc.a(_arm_addsubsf3.o)
                              src/c/math.c.33.o (__aeabi_fsub)
/home/astosia/pebble-dev/pebble-sdk-4.5-linux64/arm-cs-tools/bin/../lib/gcc/arm-none-eabi/4.7.2/thumb2/libgcc.a(_arm_muldivsf3.o)
                              src/c/effects.c.33.o (__aeabi_fmul)
/home/astosia/pebble-dev/pebble-sdk-4.5-linux64/arm-cs-tools/bin/../lib/gcc/arm-none-eabi/4.7.2/thumb2/libgcc.a(_arm_cmpsf2.o)
                              src/c/math.c.33.o (__aeabi_fcmplt)
/home/astosia/pebble-dev/pebble-sdk-4.5-linux64/arm-cs-tools/bin/../lib/gcc/arm-none-eabi/4.7.2/thumb2/libgcc.a(_arm_fixsfsi.o)
                              src/c/effects.c.33.o (__aeabi_f2iz)

Allocating common symbols
Common symbol       size              file

time_font           0x4               src/c/main.c.33.o
time_area_layer     0x4               src/c/main.c.33.o
sunsetstring        0x8               src/c/main.c.33.o
settings            0x2d              src/c/main.c.33.o
freetextstring      0x10              src/c/main.c.33.o
sunrisestring       0x8               src/c/main.c.33.o

Discarded input sections

 .text          0x0000000000000000        0x0 /home/astosia/pebble-dev/pebble-sdk-4.5-linux64/arm-cs-tools/bin/../lib/gcc/arm-none-eabi/4.7.2/thumb2/crti.o
 .bss           0x0000000000000000        0x0 /home/astosia/pebble-dev/pebble-sdk-4.5-linux64/arm-cs-tools/bin/../lib/gcc/arm-none-eabi/4.7.2/thumb2/crti.o
 .init          0x0000000000000000        0x4 /home/astosia/pebble-dev/pebble-sdk-4.5-linux64/arm-cs-tools/bin/../lib/gcc/arm-none-eabi/4.7.2/thumb2/crti.o
 .fini          0x0000000000000000        0x4 /home/astosia/pebble-dev/pebble-sdk-4.5-linux64/arm-cs-tools/bin/../lib/gcc/arm-none-eabi/4.7.2/thumb2/crti.o
 .text          0x0000000000000000       0xc8 /home/astosia/pebble-dev/pebble-sdk-4.5-linux64/arm-cs-tools/bin/../lib/gcc/arm-none-eabi/4.7.2/thumb2/crtbegin.o
 .bss           0x0000000000000000       0x1c /home/astosia/pebble-dev/pebble-sdk-4.5-linux64/arm-cs-tools/bin/../lib/gcc/arm-none-eabi/4.7.2/thumb2/crtbegin.o
 .init_array    0x0000000000000000        0x4 /home/astosia/pebble-dev/pebble-sdk-4.5-linux64/arm-cs-tools/bin/../lib/gcc/arm-none-eabi/4.7.2/thumb2/crtbegin.o
 .fini_array    0x0000000000000000        0x4 /home/astosia/pebble-dev/pebble-sdk-4.5-linux64/arm-cs-tools/bin/../lib/gcc/arm-none-eabi/4.7.2/thumb2/crtbegin.o
 .eh_frame      0x0000000000000000        0x0 /home/astosia/pebble-dev/pebble-sdk-4.5-linux64/arm-cs-tools/bin/../lib/gcc/arm-none-eabi/4.7.2/thumb2/crtbegin.o
 .jcr           0x0000000000000000        0x0 /home/astosia/pebble-dev/pebble-sdk-4.5-linux64/arm-cs-tools/bin/../lib/gcc/arm-none-eabi/4.7.2/thumb2/crtbegin.o
 .tm_clone_table
                0x0000000000000000        0x0 /home/astosia/pebble-dev/pebble-sdk-4.5-linux64/arm-cs-tools/bin/../lib/gcc/arm-none-eabi/4.7.2/thumb2/crtbegin.o
 .text          0x0000000000000000        0x0 src/c/blur.c.33.o
 .bss           0x0000000000000000        0x0 src/c/blur.c.33.o
 .text.effect_blur
                0x0000000000000000        0xc src/c/blur.c.33.o
 .text          0x0000000000000000        0x0 src/c/effect_layer.c.33.o
 .bss           0x0000000000000000        0x0 src/c/effect_layer.c.33.o
 .text.effect_layer_update_proc
                0x0000000000000000      0x114 src/c/effect_layer.c.33.o
 .text.effect_layer_create
[...]
Memory Configuration

Name             Origin             Length             Attributes
APP              0x0000000000000000 0x0000000000006000 xrw
*default*        0x0000000000000000 0xffffffffffffffff

Linker script and memory map

LOAD /home/astosia/pebble-dev/pebble-sdk-4.5-linux64/arm-cs-tools/bin/../lib/gcc/arm-none-eabi/4.7.2/thumb2/crti.o
LOAD /home/astosia/pebble-dev/pebble-sdk-4.5-linux64/arm-cs-tools/bin/../lib/gcc/arm-none-eabi/4.7.2/thumb2/crtbegin.o
LOAD src/c/blur.c.33.o
LOAD src/c/effect_layer.c.33.o
LOAD src/c/effects.c.33.o
LOAD src/c/main.c.33.o
LOAD src/c/math.c.33.o
LOAD src/c/weekday.c.33.o
LOAD aplite/appinfo.auto.c.33.o
LOAD aplite/src/resource_ids.auto.c.33.o
LOAD src/message_keys.auto.c.33.o
LOAD /home/astosia/.pebble-sdk/SDKs/current/sdk-core/pebble/aplite/lib/libpebble.a
LOAD /home/astosia/pebble-dev/pebble-sdk-4.5-linux64/Rehoboam/node_modules/pebble-fctx/dist/binaries/aplite/libpebble-fctx.a
LOAD /home/astosia/pebble-dev/pebble-sdk-4.5-linux64/Rehoboam/node_modules/pebble-clay/dist/binaries/aplite/libpebble-clay.a
LOAD /home/astosia/pebble-dev/pebble-sdk-4.5-linux64/Rehoboam/node_modules/pebble-utf8/dist/binaries/aplite/libpebble-utf8.a
START GROUP
LOAD /home/astosia/pebble-dev/pebble-sdk-4.5-linux64/arm-cs-tools/bin/../lib/gcc/arm-none-eabi/4.7.2/thumb2/libgcc.a
LOAD /home/astosia/pebble-dev/pebble-sdk-4.5-linux64/arm-cs-tools/bin/../lib/gcc/arm-none-eabi/4.7.2/../../../../arm-none-eabi/lib/thumb2/libc.a
END GROUP
LOAD /home/astosia/pebble-dev/pebble-sdk-4.5-linux64/arm-cs-tools/bin/../lib/gcc/arm-none-eabi/4.7.2/thumb2/crtend.o
LOAD /home/astosia/pebble-dev/pebble-sdk-4.5-linux64/arm-cs-tools/bin/../lib/gcc/arm-none-eabi/4.7.2/thumb2/crtn.o

.header         0x0000000000000000       0x82
 *(.pbl_header)
 .pbl_header    0x0000000000000000       0x82 aplite/appinfo.auto.c.33.o
                0x0000000000000000                __pbl_app_info

.note.gnu.build-id
                0x0000000000000082       0x26
                0x0000000000000082                PROVIDE (BUILD_ID, .)
 *(.note.gnu.build-id)
 *fill*         0x0000000000000082        0x2 
 .note.gnu.build-id
                0x0000000000000084       0x24 linker stubs

.text           0x00000000000000a8     0x20cd
 *(.text)
 .text          0x00000000000000a8       0x14 /home/astosia/.pebble-sdk/SDKs/current/sdk-core/pebble/aplite/lib/libpebble.a(tmp7jpKUopebble.o)
 *(.text.*)
 .text.ColorSelect
                0x00000000000000bc       0x34 src/c/main.c.33.o
 .text.update_background_picture
                0x00000000000000f0      0x168 src/c/main.c.33.o
 .text.bluetooth_vibe_icon
                0x0000000000000258       0x20 src/c/main.c.33.o
 .text.prv_inbox_received_handler
                0x0000000000000278      0x540 src/c/main.c.33.o
 .text.window_unload
                0x00000000000007b8       0x8c src/c/main.c.33.o
 .text.window_load
                0x0000000000000844       0xe0 src/c/main.c.33.o
 .text.layer_update_proc_qt
                0x0000000000000924       0x74 src/c/main.c.33.o
 .text.layer_update_proc_aplite_info
                0x0000000000000998      0x118 src/c/main.c.33.o
 .text.update_time_area_layer
                0x0000000000000ab0      0x124 src/c/main.c.33.o
                0x0000000000000ab0                update_time_area_layer
 .text.layer_update_proc_background
                0x0000000000000bd4       0xbc src/c/main.c.33.o
                0x0000000000000bd4                layer_update_proc_background
 .text.request_watchjs
                0x0000000000000c90       0x24 src/c/main.c.33.o
                0x0000000000000c90                request_watchjs
 .text.layer_update_proc_bt
                0x0000000000000cb4       0xb0 src/c/main.c.33.o
 .text.main_window_push
                0x0000000000000d64       0x50 src/c/main.c.33.o
                0x0000000000000d64                main_window_push
 .text.main_window_update
                0x0000000000000db4       0x70 src/c/main.c.33.o
                0x0000000000000db4                main_window_update
 .text.tick_handler
                0x0000000000000e24      0x1e4 src/c/main.c.33.o
 .text.startup.main
                0x0000000000001008      0x154 src/c/main.c.33.o
                0x0000000000001008                main
 .text.app_event_loop
                0x000000000000115c        0xc /home/astosia/.pebble-sdk/SDKs/current/sdk-core/pebble/aplite/lib/libpebble.a(tmp7jpKUopebble.o)
                0x000000000000115c                app_event_loop
 .text.app_log  0x0000000000001168        0xc /home/astosia/.pebble-sdk/SDKs/current/sdk-core/pebble/aplite/lib/libpebble.a(tmp7jpKUopebble.o)
                0x0000000000001168                app_log
 .text.app_message_deregister_callbacks
                0x0000000000001174        0xc /home/astosia/.pebble-sdk/SDKs/current/sdk-core/pebble/aplite/lib/libpebble.a(tmp7jpKUopebble.o)
                0x0000000000001174                app_message_deregister_callbacks
 .text.app_message_open
                0x0000000000001180        0xc /home/astosia/.pebble-sdk/SDKs/current/sdk-core/pebble/aplite/lib/libpebble.a(tmp7jpKUopebble.o)
                0x0000000000001180                app_message_open
 .text.atan2_lookup
                0x000000000000118c        0xc /home/astosia/.pebble-sdk/SDKs/current/sdk-core/pebble/aplite/lib/libpebble.a(tmp7jpKUopebble.o)
                0x000000000000118c                atan2_lookup
 .text.battery_state_service_peek
                0x0000000000001198        0xc /home/astosia/.pebble-sdk/SDKs/current/sdk-core/pebble/aplite/lib/libpebble.a(tmp7jpKUopebble.o)
                0x0000000000001198                battery_state_service_peek
 .text.battery_state_service_unsubscribe
                0x00000000000011a4        0xc /home/astosia/.pebble-sdk/SDKs/current/sdk-core/pebble/aplite/lib/libpebble.a(tmp7jpKUopebble.o)
                0x00000000000011a4                battery_state_service_unsubscribe
 .text.clock_is_24h_style
                0x00000000000011b0        0xc /home/astosia/.pebble-sdk/SDKs/current/sdk-core/pebble/aplite/lib/libpebble.a(tmp7jpKUopebble.o)
                0x00000000000011b0                clock_is_24h_style
 .text.cos_lookup
                0x00000000000011bc        0xc /home/astosia/.pebble-sdk/SDKs/current/sdk-core/pebble/aplite/lib/libpebble.a(tmp7jpKUopebble.o)
                0x00000000000011bc                cos_lookup
 .text.dict_find
                0x00000000000011c8        0xc /home/astosia/.pebble-sdk/SDKs/current/sdk-core/pebble/aplite/lib/libpebble.a(tmp7jpKUopebble.o)
                0x00000000000011c8                dict_find
 .text.dict_write_uint8
                0x00000000000011d4        0xc /home/astosia/.pebble-sdk/SDKs/current/sdk-core/pebble/aplite/lib/libpebble.a(tmp7jpKUopebble.o)
                0x00000000000011d4                dict_write_uint8
 .text.fonts_get_system_font
                0x00000000000011e0        0xc /home/astosia/.pebble-sdk/SDKs/current/sdk-core/pebble/aplite/lib/libpebble.a(tmp7jpKUopebble.o)
                0x00000000000011e0                fonts_get_system_font
 .text.fonts_load_custom_font
                0x00000000000011ec        0xc /home/astosia/.pebble-sdk/SDKs/current/sdk-core/pebble/aplite/lib/libpebble.a(tmp7jpKUopebble.o)
                0x00000000000011ec                fonts_load_custom_font
 .text.fonts_unload_custom_font
                0x00000000000011f8        0xc /home/astosia/.pebble-sdk/SDKs/current/sdk-core/pebble/aplite/lib/libpebble.a(tmp7jpKUopebble.o)
                0x00000000000011f8                fonts_unload_custom_font
 .text.free     0x0000000000001204        0xc /home/astosia/.pebble-sdk/SDKs/current/sdk-core/pebble/aplite/lib/libpebble.a(tmp7jpKUopebble.o)
                0x0000000000001204                free
 .text.gbitmap_create_with_resource
                0x0000000000001210        0xc /home/astosia/.pebble-sdk/SDKs/current/sdk-core/pebble/aplite/lib/libpebble.a(tmp7jpKUopebble.o)
                0x0000000000001210                gbitmap_create_with_resource
 .text.gbitmap_destroy
                0x000000000000121c        0xc /home/astosia/.pebble-sdk/SDKs/current/sdk-core/pebble/aplite/lib/libpebble.a(tmp7jpKUopebble.o)
                0x000000000000121c                gbitmap_destroy
 .text.graphics_context_set_compositing_mode
                0x0000000000001228        0xc /home/astosia/.pebble-sdk/SDKs/current/sdk-core/pebble/aplite/lib/libpebble.a(tmp7jpKUopebble.o)
                0x0000000000001228                graphics_context_set_compositing_mode
 .text.graphics_draw_bitmap_in_rect
                0x0000000000001234        0xc /home/astosia/.pebble-sdk/SDKs/current/sdk-core/pebble/aplite/lib/libpebble.a(tmp7jpKUopebble.o)
                0x0000000000001234                graphics_draw_bitmap_in_rect
 .text.graphics_draw_line
                0x0000000000001240        0xc /home/astosia/.pebble-sdk/SDKs/current/sdk-core/pebble/aplite/lib/libpebble.a(tmp7jpKUopebble.o)
                0x0000000000001240                graphics_draw_line
 .text.graphics_fill_rect
                0x000000000000124c        0xc /home/astosia/.pebble-sdk/SDKs/current/sdk-core/pebble/aplite/lib/libpebble.a(tmp7jpKUopebble.o)
                0x000000000000124c                graphics_fill_rect
 .text.layer_add_child
                0x0000000000001258        0xc /home/astosia/.pebble-sdk/SDKs/current/sdk-core/pebble/aplite/lib/libpebble.a(tmp7jpKUopebble.o)
                0x0000000000001258                layer_add_child
 .text.layer_create
                0x0000000000001264        0xc /home/astosia/.pebble-sdk/SDKs/current/sdk-core/pebble/aplite/lib/libpebble.a(tmp7jpKUopebble.o)
                0x0000000000001264                layer_create
 .text.layer_destroy
                0x0000000000001270        0xc /home/astosia/.pebble-sdk/SDKs/current/sdk-core/pebble/aplite/lib/libpebble.a(tmp7jpKUopebble.o)
                0x0000000000001270                layer_destroy
 .text.layer_get_bounds
                0x000000000000127c        0xc /home/astosia/.pebble-sdk/SDKs/current/sdk-core/pebble/aplite/lib/libpebble.a(tmp7jpKUopebble.o)
                0x000000000000127c                layer_get_bounds
 .text.layer_mark_dirty
                0x0000000000001288        0xc /home/astosia/.pebble-sdk/SDKs/current/sdk-core/pebble/aplite/lib/libpebble.a(tmp7jpKUopebble.o)
                0x0000000000001288                layer_mark_dirty
 .text.layer_set_hidden
                0x0000000000001294        0xc /home/astosia/.pebble-sdk/SDKs/current/sdk-core/pebble/aplite/lib/libpebble.a(tmp7jpKUopebble.o)
                0x0000000000001294                layer_set_hidden
 .text.layer_set_update_proc
                0x00000000000012a0        0xc /home/astosia/.pebble-sdk/SDKs/current/sdk-core/pebble/aplite/lib/libpebble.a(tmp7jpKUopebble.o)
                0x00000000000012a0                layer_set_update_proc
 .text.malloc   0x00000000000012ac        0xc /home/astosia/.pebble-sdk/SDKs/current/sdk-core/pebble/aplite/lib/libpebble.a(tmp7jpKUopebble.o)
                0x00000000000012ac                malloc
 .text.memset   0x00000000000012b8        0xc /home/astosia/.pebble-sdk/SDKs/current/sdk-core/pebble/aplite/lib/libpebble.a(tmp7jpKUopebble.o)
                0x00000000000012b8                memset
 .text.resource_get_handle
                0x00000000000012c4        0xc /home/astosia/.pebble-sdk/SDKs/current/sdk-core/pebble/aplite/lib/libpebble.a(tmp7jpKUopebble.o)
                0x00000000000012c4                resource_get_handle
 .text.resource_load
                0x00000000000012d0        0xc /home/astosia/.pebble-sdk/SDKs/current/sdk-core/pebble/aplite/lib/libpebble.a(tmp7jpKUopebble.o)
                0x00000000000012d0                resource_load
 .text.resource_size
                0x00000000000012dc        0xc /home/astosia/.pebble-sdk/SDKs/current/sdk-core/pebble/aplite/lib/libpebble.a(tmp7jpKUopebble.o)
                0x00000000000012dc                resource_size
 .text.sin_lookup
                0x00000000000012e8        0xc /home/astosia/.pebble-sdk/SDKs/current/sdk-core/pebble/aplite/lib/libpebble.a(tmp7jpKUopebble.o)
                0x00000000000012e8                sin_lookup
 .text.snprintf
                0x00000000000012f4        0xc /home/astosia/.pebble-sdk/SDKs/current/sdk-core/pebble/aplite/lib/libpebble.a(tmp7jpKUopebble.o)
                0x00000000000012f4                snprintf
 .text.tick_timer_service_subscribe
                0x0000000000001300        0xc /home/astosia/.pebble-sdk/SDKs/current/sdk-core/pebble/aplite/lib/libpebble.a(tmp7jpKUopebble.o)
                0x0000000000001300                tick_timer_service_subscribe
 .text.tick_timer_service_unsubscribe
                0x000000000000130c        0xc /home/astosia/.pebble-sdk/SDKs/current/sdk-core/pebble/aplite/lib/libpebble.a(tmp7jpKUopebble.o)
                0x000000000000130c                tick_timer_service_unsubscribe
 .text.vibes_double_pulse
                0x0000000000001318        0xc /home/astosia/.pebble-sdk/SDKs/current/sdk-core/pebble/aplite/lib/libpebble.a(tmp7jpKUopebble.o)
                0x0000000000001318                vibes_double_pulse
 .text.window_create
                0x0000000000001324        0xc /home/astosia/.pebble-sdk/SDKs/current/sdk-core/pebble/aplite/lib/libpebble.a(tmp7jpKUopebble.o)
                0x0000000000001324                window_create
 .text.window_destroy
                0x0000000000001330        0xc /home/astosia/.pebble-sdk/SDKs/current/sdk-core/pebble/aplite/lib/libpebble.a(tmp7jpKUopebble.o)
                0x0000000000001330                window_destroy
 .text.window_get_root_layer
                0x000000000000133c        0xc /home/astosia/.pebble-sdk/SDKs/current/sdk-core/pebble/aplite/lib/libpebble.a(tmp7jpKUopebble.o)
                0x000000000000133c                window_get_root_layer
 .text.window_set_window_handlers
                0x0000000000001348        0xc /home/astosia/.pebble-sdk/SDKs/current/sdk-core/pebble/aplite/lib/libpebble.a(tmp7jpKUopebble.o)
                0x0000000000001348                window_set_window_handlers
 .text.window_stack_push
                0x0000000000001354        0xc /home/astosia/.pebble-sdk/SDKs/current/sdk-core/pebble/aplite/lib/libpebble.a(tmp7jpKUopebble.o)
                0x0000000000001354                window_stack_push
 .text.app_message_outbox_begin
                0x0000000000001360        0xc /home/astosia/.pebble-sdk/SDKs/current/sdk-core/pebble/aplite/lib/libpebble.a(tmp7jpKUopebble.o)
                0x0000000000001360                app_message_outbox_begin
 .text.app_message_outbox_send
                0x000000000000136c        0xc /home/astosia/.pebble-sdk/SDKs/current/sdk-core/pebble/aplite/lib/libpebble.a(tmp7jpKUopebble.o)
                0x000000000000136c                app_message_outbox_send
 .text.app_message_register_inbox_received
                0x0000000000001378        0xc /home/astosia/.pebble-sdk/SDKs/current/sdk-core/pebble/aplite/lib/libpebble.a(tmp7jpKUopebble.o)
                0x0000000000001378                app_message_register_inbox_received
 .text.graphics_draw_text
                0x0000000000001384        0xc /home/astosia/.pebble-sdk/SDKs/current/sdk-core/pebble/aplite/lib/libpebble.a(tmp7jpKUopebble.o)
                0x0000000000001384                graphics_draw_text
 .text.persist_read_data
                0x0000000000001390        0xc /home/astosia/.pebble-sdk/SDKs/current/sdk-core/pebble/aplite/lib/libpebble.a(tmp7jpKUopebble.o)
                0x0000000000001390                persist_read_data
 .text.persist_write_data
                0x000000000000139c        0xc /home/astosia/.pebble-sdk/SDKs/current/sdk-core/pebble/aplite/lib/libpebble.a(tmp7jpKUopebble.o)
                0x000000000000139c                persist_write_data
 .text.graphics_release_frame_buffer
                0x00000000000013a8        0xc /home/astosia/.pebble-sdk/SDKs/current/sdk-core/pebble/aplite/lib/libpebble.a(tmp7jpKUopebble.o)
                0x00000000000013a8                graphics_release_frame_buffer
 .text.gcolor_equal
                0x00000000000013b4        0xc /home/astosia/.pebble-sdk/SDKs/current/sdk-core/pebble/aplite/lib/libpebble.a(tmp7jpKUopebble.o)
                0x00000000000013b4                gcolor_equal
 .text.graphics_context_set_fill_color
                0x00000000000013c0        0xc /home/astosia/.pebble-sdk/SDKs/current/sdk-core/pebble/aplite/lib/libpebble.a(tmp7jpKUopebble.o)
                0x00000000000013c0                graphics_context_set_fill_color
 .text.graphics_context_set_stroke_color
                0x00000000000013cc        0xc /home/astosia/.pebble-sdk/SDKs/current/sdk-core/pebble/aplite/lib/libpebble.a(tmp7jpKUopebble.o)
                0x00000000000013cc                graphics_context_set_stroke_color
 .text.graphics_context_set_text_color
                0x00000000000013d8        0xc /home/astosia/.pebble-sdk/SDKs/current/sdk-core/pebble/aplite/lib/libpebble.a(tmp7jpKUopebble.o)
                0x00000000000013d8                graphics_context_set_text_color
 .text.localtime
                0x00000000000013e4        0xc /home/astosia/.pebble-sdk/SDKs/current/sdk-core/pebble/aplite/lib/libpebble.a(tmp7jpKUopebble.o)
                0x00000000000013e4                localtime
 .text.gbitmap_create_blank
                0x00000000000013f0        0xc /home/astosia/.pebble-sdk/SDKs/current/sdk-core/pebble/aplite/lib/libpebble.a(tmp7jpKUopebble.o)
                0x00000000000013f0                gbitmap_create_blank
 .text.graphics_capture_frame_buffer
                0x00000000000013fc        0xc /home/astosia/.pebble-sdk/SDKs/current/sdk-core/pebble/aplite/lib/libpebble.a(tmp7jpKUopebble.o)
                0x00000000000013fc                graphics_capture_frame_buffer
 .text.gbitmap_get_bounds
                0x0000000000001408        0xc /home/astosia/.pebble-sdk/SDKs/current/sdk-core/pebble/aplite/lib/libpebble.a(tmp7jpKUopebble.o)
                0x0000000000001408                gbitmap_get_bounds
 .text.gbitmap_get_bytes_per_row
                0x0000000000001414        0xc /home/astosia/.pebble-sdk/SDKs/current/sdk-core/pebble/aplite/lib/libpebble.a(tmp7jpKUopebble.o)
                0x0000000000001414                gbitmap_get_bytes_per_row
 .text.gbitmap_get_data
                0x0000000000001420        0xc /home/astosia/.pebble-sdk/SDKs/current/sdk-core/pebble/aplite/lib/libpebble.a(tmp7jpKUopebble.o)
                0x0000000000001420                gbitmap_get_data
 .text.time     0x000000000000142c        0xc /home/astosia/.pebble-sdk/SDKs/current/sdk-core/pebble/aplite/lib/libpebble.a(tmp7jpKUopebble.o)
                0x000000000000142c                time
 .text.connection_service_peek_pebble_app_connection
                0x0000000000001438        0xc /home/astosia/.pebble-sdk/SDKs/current/sdk-core/pebble/aplite/lib/libpebble.a(tmp7jpKUopebble.o)
                0x0000000000001438                connection_service_peek_pebble_app_connection
 .text.connection_service_subscribe
                0x0000000000001444        0xc /home/astosia/.pebble-sdk/SDKs/current/sdk-core/pebble/aplite/lib/libpebble.a(tmp7jpKUopebble.o)
                0x0000000000001444                connection_service_subscribe
 .text.connection_service_unsubscribe
                0x0000000000001450        0xc /home/astosia/.pebble-sdk/SDKs/current/sdk-core/pebble/aplite/lib/libpebble.a(tmp7jpKUopebble.o)
                0x0000000000001450                connection_service_unsubscribe
 .text.gbitmap_get_data_row_info
                0x000000000000145c        0xc /home/astosia/.pebble-sdk/SDKs/current/sdk-core/pebble/aplite/lib/libpebble.a(tmp7jpKUopebble.o)
                0x000000000000145c                gbitmap_get_data_row_info
 .text.fctx_move_to_func
                0x0000000000001468       0x1c /home/astosia/pebble-dev/pebble-sdk-4.5-linux64/Rehoboam/node_modules/pebble-fctx/dist/binaries/aplite/libpebble-fctx.a(fctx.c.26.o)
                0x0000000000001468                fctx_move_to_func
 .text.fctx_line_to_func
                0x0000000000001484       0x24 /home/astosia/pebble-dev/pebble-sdk-4.5-linux64/Rehoboam/node_modules/pebble-fctx/dist/binaries/aplite/libpebble-fctx.a(fctx.c.26.o)
                0x0000000000001484                fctx_line_to_func
 .text.bezier   0x00000000000014a8      0x154 /home/astosia/pebble-dev/pebble-sdk-4.5-linux64/Rehoboam/node_modules/pebble-fctx/dist/binaries/aplite/libpebble-fctx.a(fctx.c.26.o)
 .text.fctx_curve_to_func
                0x00000000000015fc       0x38 /home/astosia/pebble-dev/pebble-sdk-4.5-linux64/Rehoboam/node_modules/pebble-fctx/dist/binaries/aplite/libpebble-fctx.a(fctx.c.26.o)
                0x00000000000015fc                fctx_curve_to_func
 .text.fctx_end_fill_bw
                0x0000000000001634      0x188 /home/astosia/pebble-dev/pebble-sdk-4.5-linux64/Rehoboam/node_modules/pebble-fctx/dist/binaries/aplite/libpebble-fctx.a(fctx.c.26.o)
                0x0000000000001634                fctx_end_fill_bw
 .text.checkObject
                0x00000000000017bc       0x28 /home/astosia/pebble-dev/pebble-sdk-4.5-linux64/Rehoboam/node_modules/pebble-fctx/dist/binaries/aplite/libpebble-fctx.a(fctx.c.26.o)
                0x00000000000017bc                checkObject
 .text.fctx_init_context_bw
                0x00000000000017e4       0x74 /home/astosia/pebble-dev/pebble-sdk-4.5-linux64/Rehoboam/node_modules/pebble-fctx/dist/binaries/aplite/libpebble-fctx.a(fctx.c.26.o)
                0x00000000000017e4                fctx_init_context_bw
 .text.floorDivMod
                0x0000000000001858       0x36 /home/astosia/pebble-dev/pebble-sdk-4.5-linux64/Rehoboam/node_modules/pebble-fctx/dist/binaries/aplite/libpebble-fctx.a(fctx.c.26.o)
                0x0000000000001858                floorDivMod
 .text.edge_step
                0x000000000000188e       0x30 /home/astosia/pebble-dev/pebble-sdk-4.5-linux64/Rehoboam/node_modules/pebble-fctx/dist/binaries/aplite/libpebble-fctx.a(fctx.c.26.o)
                0x000000000000188e                edge_step
 .text.fctx_begin_fill
                0x00000000000018be       0x3e /home/astosia/pebble-dev/pebble-sdk-4.5-linux64/Rehoboam/node_modules/pebble-fctx/dist/binaries/aplite/libpebble-fctx.a(fctx.c.26.o)
                0x00000000000018be                fctx_begin_fill
 .text.fctx_deinit_context
                0x00000000000018fc       0x14 /home/astosia/pebble-dev/pebble-sdk-4.5-linux64/Rehoboam/node_modules/pebble-fctx/dist/binaries/aplite/libpebble-fctx.a(fctx.c.26.o)
                0x00000000000018fc                fctx_deinit_context
 .text.fctx_set_fill_color
                0x0000000000001910        0x6 /home/astosia/pebble-dev/pebble-sdk-4.5-linux64/Rehoboam/node_modules/pebble-fctx/dist/binaries/aplite/libpebble-fctx.a(fctx.c.26.o)
                0x0000000000001910                fctx_set_fill_color
 .text.fctx_set_color_bias
                0x0000000000001916        0x6 /home/astosia/pebble-dev/pebble-sdk-4.5-linux64/Rehoboam/node_modules/pebble-fctx/dist/binaries/aplite/libpebble-fctx.a(fctx.c.26.o)
                0x0000000000001916                fctx_set_color_bias
 .text.fctx_set_offset
                0x000000000000191c       0x14 /home/astosia/pebble-dev/pebble-sdk-4.5-linux64/Rehoboam/node_modules/pebble-fctx/dist/binaries/aplite/libpebble-fctx.a(fctx.c.26.o)
                0x000000000000191c                fctx_set_offset
 .text.fceil    0x0000000000001930       0x1c /home/astosia/pebble-dev/pebble-sdk-4.5-linux64/Rehoboam/node_modules/pebble-fctx/dist/binaries/aplite/libpebble-fctx.a(fctx.c.26.o)
                0x0000000000001930                fceil
 .text.edge_init
                0x000000000000194c       0x6c /home/astosia/pebble-dev/pebble-sdk-4.5-linux64/Rehoboam/node_modules/pebble-fctx/dist/binaries/aplite/libpebble-fctx.a(fctx.c.26.o)
                0x000000000000194c                edge_init
 .text.fctx_plot_edge_bw
                0x00000000000019b8       0x98 /home/astosia/pebble-dev/pebble-sdk-4.5-linux64/Rehoboam/node_modules/pebble-fctx/dist/binaries/aplite/libpebble-fctx.a(fctx.c.26.o)
                0x00000000000019b8                fctx_plot_edge_bw
 .text.fctx_transform_points
                0x0000000000001a50       0xec /home/astosia/pebble-dev/pebble-sdk-4.5-linux64/Rehoboam/node_modules/pebble-fctx/dist/binaries/aplite/libpebble-fctx.a(fctx.c.26.o)
                0x0000000000001a50                fctx_transform_points
 .text.fctx_draw_commands
                0x0000000000001b3c      0x258 /home/astosia/pebble-dev/pebble-sdk-4.5-linux64/Rehoboam/node_modules/pebble-fctx/dist/binaries/aplite/libpebble-fctx.a(fctx.c.26.o)
                0x0000000000001b3c                fctx_draw_commands
 .text.fctx_set_text_em_height
                0x0000000000001d94       0x16 /home/astosia/pebble-dev/pebble-sdk-4.5-linux64/Rehoboam/node_modules/pebble-fctx/dist/binaries/aplite/libpebble-fctx.a(fctx.c.26.o)
                0x0000000000001d94                fctx_set_text_em_height
 .text.fctx_draw_string
                0x0000000000001daa       0xf2 /home/astosia/pebble-dev/pebble-sdk-4.5-linux64/Rehoboam/node_modules/pebble-fctx/dist/binaries/aplite/libpebble-fctx.a(fctx.c.26.o)
                0x0000000000001daa                fctx_draw_string
 .text.ffont_create_from_resource
                0x0000000000001e9c       0x24 /home/astosia/pebble-dev/pebble-sdk-4.5-linux64/Rehoboam/node_modules/pebble-fctx/dist/binaries/aplite/libpebble-fctx.a(ffont.c.26.o)
                0x0000000000001e9c                ffont_create_from_resource
 .text.ffont_glyph_table
                0x0000000000001ec0        0xa /home/astosia/pebble-dev/pebble-sdk-4.5-linux64/Rehoboam/node_modules/pebble-fctx/dist/binaries/aplite/libpebble-fctx.a(ffont.c.26.o)
                0x0000000000001ec0                ffont_glyph_table
 .text.ffont_path_data
                0x0000000000001eca       0x12 /home/astosia/pebble-dev/pebble-sdk-4.5-linux64/Rehoboam/node_modules/pebble-fctx/dist/binaries/aplite/libpebble-fctx.a(ffont.c.26.o)
                0x0000000000001eca                ffont_path_data
 .text.ffont_glyph_info
                0x0000000000001edc       0x3e /home/astosia/pebble-dev/pebble-sdk-4.5-linux64/Rehoboam/node_modules/pebble-fctx/dist/binaries/aplite/libpebble-fctx.a(ffont.c.26.o)
                0x0000000000001edc                ffont_glyph_info
 .text.ffont_glyph_outline
                0x0000000000001f1a        0xe /home/astosia/pebble-dev/pebble-sdk-4.5-linux64/Rehoboam/node_modules/pebble-fctx/dist/binaries/aplite/libpebble-fctx.a(ffont.c.26.o)
                0x0000000000001f1a                ffont_glyph_outline
 .text.ffont_destroy
                0x0000000000001f28        0x4 /home/astosia/pebble-dev/pebble-sdk-4.5-linux64/Rehoboam/node_modules/pebble-fctx/dist/binaries/aplite/libpebble-fctx.a(ffont.c.26.o)
                0x0000000000001f28                ffont_destroy
 .text.utf8_decode_byte
                0x0000000000001f2c       0x82 /home/astosia/pebble-dev/pebble-sdk-4.5-linux64/Rehoboam/node_modules/pebble-utf8/dist/binaries/aplite/libpebble-utf8.a(pebble-utf8.c.26.o)
                0x0000000000001f2c                utf8_decode_byte
 *(.rodata)
 .rodata        0x0000000000001fae       0x28 src/c/main.c.33.o
 *fill*         0x0000000000001fd6        0x2 
 .rodata        0x0000000000001fd8        0x8 /home/astosia/pebble-dev/pebble-sdk-4.5-linux64/Rehoboam/node_modules/pebble-fctx/dist/binaries/aplite/libpebble-fctx.a(fctx.c.26.o)
 *(.rodata*)
 .rodata.str1.1
                0x0000000000001fe0      0x15c src/c/main.c.33.o
                                        0x162 (size before relaxing)
 .rodata.str1.1
                0x000000000000213c       0x39 /home/astosia/pebble-dev/pebble-sdk-4.5-linux64/Rehoboam/node_modules/pebble-fctx/dist/binaries/aplite/libpebble-fctx.a(fctx.c.26.o)

.glue_7         0x0000000000002178        0x0
 .glue_7        0x0000000000000000        0x0 linker stubs

.glue_7t        0x0000000000002178        0x0
 .glue_7t       0x0000000000000000        0x0 linker stubs

.vfp11_veneer   0x0000000000002178        0x0
 .vfp11_veneer  0x0000000000000000        0x0 linker stubs

.v4_bx          0x0000000000002178        0x0
 .v4_bx         0x0000000000000000        0x0 linker stubs

.iplt           0x0000000000002178        0x0
 .iplt          0x0000000000000000        0x0 /home/astosia/pebble-dev/pebble-sdk-4.5-linux64/arm-cs-tools/bin/../lib/gcc/arm-none-eabi/4.7.2/thumb2/crtbegin.o

.rel.dyn        0x0000000000002178        0x0
 .rel.iplt      0x0000000000000000        0x0 /home/astosia/pebble-dev/pebble-sdk-4.5-linux64/arm-cs-tools/bin/../lib/gcc/arm-none-eabi/4.7.2/thumb2/crtbegin.o
 .rel.got       0x0000000000000000        0x0 /home/astosia/pebble-dev/pebble-sdk-4.5-linux64/arm-cs-tools/bin/../lib/gcc/arm-none-eabi/4.7.2/thumb2/crtbegin.o

.data           0x0000000000002178       0x78
 *(.data)
 .data          0x0000000000002178        0x0 /home/astosia/pebble-dev/pebble-sdk-4.5-linux64/arm-cs-tools/bin/../lib/gcc/arm-none-eabi/4.7.2/thumb2/crti.o
 .data          0x0000000000002178        0x4 /home/astosia/pebble-dev/pebble-sdk-4.5-linux64/arm-cs-tools/bin/../lib/gcc/arm-none-eabi/4.7.2/thumb2/crtbegin.o
                0x0000000000002178                __dso_handle
 .data          0x000000000000217c        0x0 src/c/blur.c.33.o
 .data          0x000000000000217c        0x0 src/c/effect_layer.c.33.o
 .data          0x000000000000217c        0x0 src/c/effects.c.33.o
 .data          0x000000000000217c        0x0 src/c/main.c.33.o
 .data          0x000000000000217c        0x0 src/c/math.c.33.o
 .data          0x000000000000217c        0x0 src/c/weekday.c.33.o
 .data          0x000000000000217c        0x0 aplite/appinfo.auto.c.33.o
 .data          0x000000000000217c        0x0 aplite/src/resource_ids.auto.c.33.o
 .data          0x000000000000217c        0x0 src/message_keys.auto.c.33.o
 .data          0x000000000000217c        0x0 /home/astosia/.pebble-sdk/SDKs/current/sdk-core/pebble/aplite/lib/libpebble.a(tmp7jpKUopebble.o)
 .data          0x000000000000217c        0x0 /home/astosia/pebble-dev/pebble-sdk-4.5-linux64/Rehoboam/node_modules/pebble-fctx/dist/binaries/aplite/libpebble-fctx.a(fctx.c.26.o)
 .data          0x000000000000217c        0x0 /home/astosia/pebble-dev/pebble-sdk-4.5-linux64/Rehoboam/node_modules/pebble-fctx/dist/binaries/aplite/libpebble-fctx.a(ffont.c.26.o)
 .data          0x000000000000217c        0x0 /home/astosia/pebble-dev/pebble-sdk-4.5-linux64/Rehoboam/node_modules/pebble-utf8/dist/binaries/aplite/libpebble-utf8.a(pebble-utf8.c.26.o)
 .data          0x000000000000217c        0x0 /home/astosia/pebble-dev/pebble-sdk-4.5-linux64/arm-cs-tools/bin/../lib/gcc/arm-none-eabi/4.7.2/thumb2/libgcc.a(_arm_addsubdf3.o)
 .data          0x000000000000217c        0x0 /home/astosia/pebble-dev/pebble-sdk-4.5-linux64/arm-cs-tools/bin/../lib/gcc/arm-none-eabi/4.7.2/thumb2/libgcc.a(_arm_muldivdf3.o)
 .data          0x000000000000217c        0x0 /home/astosia/pebble-dev/pebble-sdk-4.5-linux64/arm-cs-tools/bin/../lib/gcc/arm-none-eabi/4.7.2/thumb2/libgcc.a(_arm_truncdfsf2.o)
 .data          0x000000000000217c        0x0 /home/astosia/pebble-dev/pebble-sdk-4.5-linux64/arm-cs-tools/bin/../lib/gcc/arm-none-eabi/4.7.2/thumb2/libgcc.a(_arm_addsubsf3.o)
 .data          0x000000000000217c        0x0 /home/astosia/pebble-dev/pebble-sdk-4.5-linux64/arm-cs-tools/bin/../lib/gcc/arm-none-eabi/4.7.2/thumb2/libgcc.a(_arm_muldivsf3.o)
 .data          0x000000000000217c        0x0 /home/astosia/pebble-dev/pebble-sdk-4.5-linux64/arm-cs-tools/bin/../lib/gcc/arm-none-eabi/4.7.2/thumb2/libgcc.a(_arm_cmpsf2.o)
 .data          0x000000000000217c        0x0 /home/astosia/pebble-dev/pebble-sdk-4.5-linux64/arm-cs-tools/bin/../lib/gcc/arm-none-eabi/4.7.2/thumb2/libgcc.a(_arm_fixsfsi.o)
 .data          0x000000000000217c        0x0 /home/astosia/pebble-dev/pebble-sdk-4.5-linux64/arm-cs-tools/bin/../lib/gcc/arm-none-eabi/4.7.2/thumb2/crtend.o
 .data          0x000000000000217c        0x0 /home/astosia/pebble-dev/pebble-sdk-4.5-linux64/arm-cs-tools/bin/../lib/gcc/arm-none-eabi/4.7.2/thumb2/crtn.o
 *(.data.*)
 .data.GPSOn    0x000000000000217c        0x1 src/c/main.c.33.o
                0x000000000000217c                GPSOn
 .data.BTOn     0x000000000000217d        0x1 src/c/main.c.33.o
                0x000000000000217d                BTOn
 *fill*         0x000000000000217e        0x2 
 .data.HourSunset
                0x0000000000002180        0x4 src/c/main.c.33.o
                0x0000000000002180                HourSunset
 .data.HourSunrise
                0x0000000000002184        0x4 src/c/main.c.33.o
                0x0000000000002184                HourSunrise
 .data.MESSAGE_KEY_HourColorN
                0x0000000000002188        0x4 src/message_keys.auto.c.33.o
                0x0000000000002188                MESSAGE_KEY_HourColorN
 .data.MESSAGE_KEY_Back1ColorN
                0x000000000000218c        0x4 src/message_keys.auto.c.33.o
                0x000000000000218c                MESSAGE_KEY_Back1ColorN
 .data.MESSAGE_KEY_MinColor
                0x0000000000002190        0x4 src/message_keys.auto.c.33.o
                0x0000000000002190                MESSAGE_KEY_MinColor
 .data.MESSAGE_KEY_Text6Color
                0x0000000000002194        0x4 src/message_keys.auto.c.33.o
                0x0000000000002194                MESSAGE_KEY_Text6Color
 .data.MESSAGE_KEY_InvertNight
                0x0000000000002198        0x4 src/message_keys.auto.c.33.o
                0x0000000000002198                MESSAGE_KEY_InvertNight
 .data.MESSAGE_KEY_Text3Color
                0x000000000000219c        0x4 src/message_keys.auto.c.33.o
                0x000000000000219c                MESSAGE_KEY_Text3Color
 .data.MESSAGE_KEY_HourSunrise
                0x00000000000021a0        0x4 src/message_keys.auto.c.33.o
                0x00000000000021a0                MESSAGE_KEY_HourSunrise
 .data.MESSAGE_KEY_NightTheme
                0x00000000000021a4        0x4 src/message_keys.auto.c.33.o
                0x00000000000021a4                MESSAGE_KEY_NightTheme
 .data.MESSAGE_KEY_HourSunset
                0x00000000000021a8        0x4 src/message_keys.auto.c.33.o
                0x00000000000021a8                MESSAGE_KEY_HourSunset
 .data.MESSAGE_KEY_Text1ColorN
                0x00000000000021ac        0x4 src/message_keys.auto.c.33.o
                0x00000000000021ac                MESSAGE_KEY_Text1ColorN
 .data.MESSAGE_KEY_Invert
                0x00000000000021b0        0x4 src/message_keys.auto.c.33.o
                0x00000000000021b0                MESSAGE_KEY_Invert
 .data.MESSAGE_KEY_Text2ColorN
                0x00000000000021b4        0x4 src/message_keys.auto.c.33.o
                0x00000000000021b4                MESSAGE_KEY_Text2ColorN
 .data.MESSAGE_KEY_WEATHER_SUNSET_KEY
                0x00000000000021b8        0x4 src/message_keys.auto.c.33.o
                0x00000000000021b8                MESSAGE_KEY_WEATHER_SUNSET_KEY
 .data.MESSAGE_KEY_Text4Color
                0x00000000000021bc        0x4 src/message_keys.auto.c.33.o
                0x00000000000021bc                MESSAGE_KEY_Text4Color
 .data.MESSAGE_KEY_Back1Color
                0x00000000000021c0        0x4 src/message_keys.auto.c.33.o
                0x00000000000021c0                MESSAGE_KEY_Back1Color
 .data.MESSAGE_KEY_Text1Color
                0x00000000000021c4        0x4 src/message_keys.auto.c.33.o
                0x00000000000021c4                MESSAGE_KEY_Text1Color
 .data.MESSAGE_KEY_MinColorN
                0x00000000000021c8        0x4 src/message_keys.auto.c.33.o
                0x00000000000021c8                MESSAGE_KEY_MinColorN
 .data.MESSAGE_KEY_Text4ColorN
                0x00000000000021cc        0x4 src/message_keys.auto.c.33.o
                0x00000000000021cc                MESSAGE_KEY_Text4ColorN
 .data.MESSAGE_KEY_Text6ColorN
                0x00000000000021d0        0x4 src/message_keys.auto.c.33.o
                0x00000000000021d0                MESSAGE_KEY_Text6ColorN
 .data.MESSAGE_KEY_HourColor
                0x00000000000021d4        0x4 src/message_keys.auto.c.33.o
                0x00000000000021d4                MESSAGE_KEY_HourColor
 .data.MESSAGE_KEY_WEATHER_SUNRISE_KEY
                0x00000000000021d8        0x4 src/message_keys.auto.c.33.o
                0x00000000000021d8                MESSAGE_KEY_WEATHER_SUNRISE_KEY
 .data.MESSAGE_KEY_Text2Color
                0x00000000000021dc        0x4 src/message_keys.auto.c.33.o
                0x00000000000021dc                MESSAGE_KEY_Text2Color
 .data.MESSAGE_KEY_Text3ColorN
                0x00000000000021e0        0x4 src/message_keys.auto.c.33.o
                0x00000000000021e0                MESSAGE_KEY_Text3ColorN
 .data.rel.fctx_plot_edge
                0x00000000000021e4        0x4 /home/astosia/pebble-dev/pebble-sdk-4.5-linux64/Rehoboam/node_modules/pebble-fctx/dist/binaries/aplite/libpebble-fctx.a(fctx.c.26.o)
                0x00000000000021e4                fctx_plot_edge
 .data.rel.fctx_end_fill
                0x00000000000021e8        0x4 /home/astosia/pebble-dev/pebble-sdk-4.5-linux64/Rehoboam/node_modules/pebble-fctx/dist/binaries/aplite/libpebble-fctx.a(fctx.c.26.o)
                0x00000000000021e8                fctx_end_fill
 .data.rel.fctx_init_context
                0x00000000000021ec        0x4 /home/astosia/pebble-dev/pebble-sdk-4.5-linux64/Rehoboam/node_modules/pebble-fctx/dist/binaries/aplite/libpebble-fctx.a(fctx.c.26.o)
                0x00000000000021ec                fctx_init_context

.igot.plt       0x00000000000021f0        0x0
 .igot.plt      0x0000000000000000        0x0 /home/astosia/pebble-dev/pebble-sdk-4.5-linux64/arm-cs-tools/bin/../lib/gcc/arm-none-eabi/4.7.2/thumb2/crtbegin.o

.got            0x00000000000021f0       0x78
 .got           0x00000000000021f0       0x78 /home/astosia/pebble-dev/pebble-sdk-4.5-linux64/arm-cs-tools/bin/../lib/gcc/arm-none-eabi/4.7.2/thumb2/crtbegin.o

.got.plt        0x0000000000002268        0xc
 .got.plt       0x0000000000002268        0xc /home/astosia/pebble-dev/pebble-sdk-4.5-linux64/arm-cs-tools/bin/../lib/gcc/arm-none-eabi/4.7.2/thumb2/crtbegin.o
                0x0000000000002268                _GLOBAL_OFFSET_TABLE_

.bss            0x0000000000002274       0x95
 *(.bss)
 *(.bss.*)
 .bss.s_canvas_qt_icon
                0x0000000000002274        0x4 src/c/main.c.33.o
 .bss.s_minutes
                0x0000000000002278        0x4 src/c/main.c.33.o
 .bss.s_countdown
                0x000000000000227c        0x4 src/c/main.c.33.o
 .bss.FontIcon2
                0x0000000000002280        0x4 src/c/main.c.33.o
 .bss.FontDate  0x0000000000002284        0x4 src/c/main.c.33.o
 .bss.s_canvas_bt_icon
                0x0000000000002288        0x4 src/c/main.c.33.o
 .bss.IsNightNow
                0x000000000000228c        0x1 src/c/main.c.33.o
                0x000000000000228c                IsNightNow
 *fill*         0x000000000000228d        0x3 
 .bss.s_day     0x0000000000002290        0x4 src/c/main.c.33.o
 .bss.s_window  0x0000000000002294        0x4 src/c/main.c.33.o
 .bss.IsInvertedNow
                0x0000000000002298        0x1 src/c/main.c.33.o
                0x0000000000002298                IsInvertedNow
 *fill*         0x0000000000002299        0x3 
 .bss.s_month   0x000000000000229c        0x4 src/c/main.c.33.o
 .bss.s_background_picture
                0x00000000000022a0        0x4 src/c/main.c.33.o
 .bss.aplite_info_layer
                0x00000000000022a4        0x4 src/c/main.c.33.o
 .bss.s_loop    0x00000000000022a8        0x4 src/c/main.c.33.o
 .bss.s_hours   0x00000000000022ac        0x4 src/c/main.c.33.o
 .bss.s_picture_bitmap_layer
                0x00000000000022b0        0x4 src/c/main.c.33.o
 COMMON         0x00000000000022b4       0x55 src/c/main.c.33.o
                0x00000000000022b4                time_font
                0x00000000000022b8                time_area_layer
                0x00000000000022bc                sunsetstring
                0x00000000000022c4                settings
                0x00000000000022f1                freetextstring
                0x0000000000002301                sunrisestring

DISCARD
 libc.a(*)
 libm.a(*)
 libgcc.a(*)
 *(.eh_frame)
OUTPUT(/home/astosia/pebble-dev/pebble-sdk-4.5-linux64/Rehoboam/build/aplite/pebble-app.elf elf32-littlearm)

.ARM.attributes
                0x0000000000000000       0x27
 .ARM.attributes
                0x0000000000000000       0x19 /home/astosia/pebble-dev/pebble-sdk-4.5-linux64/arm-cs-tools/bin/../lib/gcc/arm-none-eabi/4.7.2/thumb2/crti.o
 .ARM.attributes
                0x0000000000000019       0x29 /home/astosia/pebble-dev/pebble-sdk-4.5-linux64/arm-cs-tools/bin/../lib/gcc/arm-none-eabi/4.7.2/thumb2/crtbegin.o
 .ARM.attributes
                0x0000000000000042       0x33 src/c/blur.c.33.o
 .ARM.attributes
                0x0000000000000075       0x33 src/c/effect_layer.c.33.o
 .ARM.attributes
                0x00000000000000a8       0x33 src/c/effects.c.33.o
 .ARM.attributes
                0x00000000000000db       0x33 src/c/main.c.33.o
 .ARM.attributes
                0x000000000000010e       0x33 src/c/math.c.33.o
 .ARM.attributes
                0x0000000000000141       0x33 src/c/weekday.c.33.o
 .ARM.attributes
                0x0000000000000174       0x33 aplite/appinfo.auto.c.33.o
 .ARM.attributes
                0x00000000000001a7       0x33 aplite/src/resource_ids.auto.c.33.o
 .ARM.attributes
                0x00000000000001da       0x33 src/message_keys.auto.c.33.o
 .ARM.attributes
                0x000000000000020d       0x21 /home/astosia/.pebble-sdk/SDKs/current/sdk-core/pebble/aplite/lib/libpebble.a(tmp7jpKUopebble.o)
 .ARM.attributes
                0x000000000000022e       0x33 /home/astosia/pebble-dev/pebble-sdk-4.5-linux64/Rehoboam/node_modules/pebble-fctx/dist/binaries/aplite/libpebble-fctx.a(fctx.c.26.o)
 .ARM.attributes
                0x0000000000000261       0x33 /home/astosia/pebble-dev/pebble-sdk-4.5-linux64/Rehoboam/node_modules/pebble-fctx/dist/binaries/aplite/libpebble-fctx.a(ffont.c.26.o)
 .ARM.attributes
                0x0000000000000294       0x33 /home/astosia/pebble-dev/pebble-sdk-4.5-linux64/Rehoboam/node_modules/pebble-utf8/dist/binaries/aplite/libpebble-utf8.a(pebble-utf8.c.26.o)
 .ARM.attributes
                0x00000000000002c7       0x19 /home/astosia/pebble-dev/pebble-sdk-4.5-linux64/arm-cs-tools/bin/../lib/gcc/arm-none-eabi/4.7.2/thumb2/libgcc.a(_arm_addsubdf3.o)
 .ARM.attributes
                0x00000000000002e0       0x19 /home/astosia/pebble-dev/pebble-sdk-4.5-linux64/arm-cs-tools/bin/../lib/gcc/arm-none-eabi/4.7.2/thumb2/libgcc.a(_arm_muldivdf3.o)
 .ARM.attributes
                0x00000000000002f9       0x19 /home/astosia/pebble-dev/pebble-sdk-4.5-linux64/arm-cs-tools/bin/../lib/gcc/arm-none-eabi/4.7.2/thumb2/libgcc.a(_arm_truncdfsf2.o)
 .ARM.attributes
                0x0000000000000312       0x19 /home/astosia/pebble-dev/pebble-sdk-4.5-linux64/arm-cs-tools/bin/../lib/gcc/arm-none-eabi/4.7.2/thumb2/libgcc.a(_arm_addsubsf3.o)
 .ARM.attributes
                0x000000000000032b       0x19 /home/astosia/pebble-dev/pebble-sdk-4.5-linux64/arm-cs-tools/bin/../lib/gcc/arm-none-eabi/4.7.2/thumb2/libgcc.a(_arm_muldivsf3.o)
 .ARM.attributes
                0x0000000000000344       0x19 /home/astosia/pebble-dev/pebble-sdk-4.5-linux64/arm-cs-tools/bin/../lib/gcc/arm-none-eabi/4.7.2/thumb2/libgcc.a(_arm_cmpsf2.o)
 .ARM.attributes
                0x000000000000035d       0x19 /home/astosia/pebble-dev/pebble-sdk-4.5-linux64/arm-cs-tools/bin/../lib/gcc/arm-none-eabi/4.7.2/thumb2/libgcc.a(_arm_fixsfsi.o)
 .ARM.attributes
                0x0000000000000376       0x29 /home/astosia/pebble-dev/pebble-sdk-4.5-linux64/arm-cs-tools/bin/../lib/gcc/arm-none-eabi/4.7.2/thumb2/crtend.o
 .ARM.attributes
                0x000000000000039f       0x19 /home/astosia/pebble-dev/pebble-sdk-4.5-linux64/arm-cs-tools/bin/../lib/gcc/arm-none-eabi/4.7.2/thumb2/crtn.o

.comment        0x0000000000000000       0x9c
 .comment       0x0000000000000000       0x4e /home/astosia/pebble-dev/pebble-sdk-4.5-linux64/arm-cs-tools/bin/../lib/gcc/arm-none-eabi/4.7.2/thumb2/crtbegin.o
                                         0x4f (size before relaxing)
 .comment       0x0000000000000000       0x4f src/c/blur.c.33.o
 .comment       0x0000000000000000       0x4f src/c/effect_layer.c.33.o
 .comment       0x0000000000000000       0x4f src/c/effects.c.33.o
 .comment       0x0000000000000000       0x4f src/c/main.c.33.o
 .comment       0x0000000000000000       0x4f src/c/math.c.33.o
 .comment       0x0000000000000000       0x4f src/c/weekday.c.33.o
 .comment       0x0000000000000000       0x4f aplite/appinfo.auto.c.33.o
 .comment       0x0000000000000000       0x4f aplite/src/resource_ids.auto.c.33.o
 .comment       0x0000000000000000       0x4f src/message_keys.auto.c.33.o
 .comment       0x000000000000004e       0x4e /home/astosia/pebble-dev/pebble-sdk-4.5-linux64/Rehoboam/node_modules/pebble-fctx/dist/binaries/aplite/libpebble-fctx.a(fctx.c.26.o)
                                         0x4f (size before relaxing)
 .comment       0x0000000000000000       0x4f /home/astosia/pebble-dev/pebble-sdk-4.5-linux64/Rehoboam/node_modules/pebble-fctx/dist/binaries/aplite/libpebble-fctx.a(ffont.c.26.o)
 .comment       0x0000000000000000       0x4f /home/astosia/pebble-dev/pebble-sdk-4.5-linux64/Rehoboam/node_modules/pebble-utf8/dist/binaries/aplite/libpebble-utf8.a(pebble-utf8.c.26.o)
 .comment       0x0000000000000000       0x4f /home/astosia/pebble-dev/pebble-sdk-4.5-linux64/arm-cs-tools/bin/../lib/gcc/arm-none-eabi/4.7.2/thumb2/crtend.o

.debug_info     0x0000000000000000     0x9665
 .debug_info    0x0000000000000000      0x18b src/c/blur.c.33.o
 .debug_info    0x000000000000018b      0x672 src/c/effect_layer.c.33.o
 .debug_info    0x00000000000007fd     0x2518 src/c/effects.c.33.o
 .debug_info    0x0000000000002d15     0x2929 src/c/main.c.33.o
 .debug_info    0x000000000000563e      0x4c1 src/c/math.c.33.o
 .debug_info    0x0000000000005aff      0x1fd src/c/weekday.c.33.o
 .debug_info    0x0000000000005cfc      0x31a aplite/appinfo.auto.c.33.o
 .debug_info    0x0000000000006016      0x16b aplite/src/resource_ids.auto.c.33.o
 .debug_info    0x0000000000006181      0x4a7 src/message_keys.auto.c.33.o
 .debug_info    0x0000000000006628     0x21e0 /home/astosia/pebble-dev/pebble-sdk-4.5-linux64/Rehoboam/node_modules/pebble-fctx/dist/binaries/aplite/libpebble-fctx.a(fctx.c.26.o)
 .debug_info    0x0000000000008808      0x7c3 /home/astosia/pebble-dev/pebble-sdk-4.5-linux64/Rehoboam/node_modules/pebble-fctx/dist/binaries/aplite/libpebble-fctx.a(ffont.c.26.o)
 .debug_info    0x0000000000008fcb      0x199 /home/astosia/pebble-dev/pebble-sdk-4.5-linux64/Rehoboam/node_modules/pebble-utf8/dist/binaries/aplite/libpebble-utf8.a(pebble-utf8.c.26.o)
 .debug_info    0x0000000000009164       0xb7 /home/astosia/pebble-dev/pebble-sdk-4.5-linux64/arm-cs-tools/bin/../lib/gcc/arm-none-eabi/4.7.2/thumb2/libgcc.a(_arm_addsubdf3.o)
 .debug_info    0x000000000000921b       0xb7 /home/astosia/pebble-dev/pebble-sdk-4.5-linux64/arm-cs-tools/bin/../lib/gcc/arm-none-eabi/4.7.2/thumb2/libgcc.a(_arm_muldivdf3.o)
 .debug_info    0x00000000000092d2       0xb7 /home/astosia/pebble-dev/pebble-sdk-4.5-linux64/arm-cs-tools/bin/../lib/gcc/arm-none-eabi/4.7.2/thumb2/libgcc.a(_arm_truncdfsf2.o)
 .debug_info    0x0000000000009389       0xb7 /home/astosia/pebble-dev/pebble-sdk-4.5-linux64/arm-cs-tools/bin/../lib/gcc/arm-none-eabi/4.7.2/thumb2/libgcc.a(_arm_addsubsf3.o)
 .debug_info    0x0000000000009440       0xb7 /home/astosia/pebble-dev/pebble-sdk-4.5-linux64/arm-cs-tools/bin/../lib/gcc/arm-none-eabi/4.7.2/thumb2/libgcc.a(_arm_muldivsf3.o)
 .debug_info    0x00000000000094f7       0xb7 /home/astosia/pebble-dev/pebble-sdk-4.5-linux64/arm-cs-tools/bin/../lib/gcc/arm-none-eabi/4.7.2/thumb2/libgcc.a(_arm_cmpsf2.o)
 .debug_info    0x00000000000095ae       0xb7 /home/astosia/pebble-dev/pebble-sdk-4.5-linux64/arm-cs-tools/bin/../lib/gcc/arm-none-eabi/4.7.2/thumb2/libgcc.a(_arm_fixsfsi.o)

.debug_abbrev   0x0000000000000000     0x189e
 .debug_abbrev  0x0000000000000000       0xd1 src/c/blur.c.33.o
 .debug_abbrev  0x00000000000000d1      0x295 src/c/effect_layer.c.33.o
 .debug_abbrev  0x0000000000000366      0x3dc src/c/effects.c.33.o
 .debug_abbrev  0x0000000000000742      0x4cb src/c/main.c.33.o
 .debug_abbrev  0x0000000000000c0d      0x159 src/c/math.c.33.o
 .debug_abbrev  0x0000000000000d66       0xed src/c/weekday.c.33.o
 .debug_abbrev  0x0000000000000e53       0x9e aplite/appinfo.auto.c.33.o
 .debug_abbrev  0x0000000000000ef1       0x44 aplite/src/resource_ids.auto.c.33.o
 .debug_abbrev  0x0000000000000f35       0x44 src/message_keys.auto.c.33.o
 .debug_abbrev  0x0000000000000f79      0x540 /home/astosia/pebble-dev/pebble-sdk-4.5-linux64/Rehoboam/node_modules/pebble-fctx/dist/binaries/aplite/libpebble-fctx.a(fctx.c.26.o)
 .debug_abbrev  0x00000000000014b9      0x266 /home/astosia/pebble-dev/pebble-sdk-4.5-linux64/Rehoboam/node_modules/pebble-fctx/dist/binaries/aplite/libpebble-fctx.a(ffont.c.26.o)
 .debug_abbrev  0x000000000000171f       0xf3 /home/astosia/pebble-dev/pebble-sdk-4.5-linux64/Rehoboam/node_modules/pebble-utf8/dist/binaries/aplite/libpebble-utf8.a(pebble-utf8.c.26.o)
 .debug_abbrev  0x0000000000001812       0x14 /home/astosia/pebble-dev/pebble-sdk-4.5-linux64/arm-cs-tools/bin/../lib/gcc/arm-none-eabi/4.7.2/thumb2/libgcc.a(_arm_addsubdf3.o)
 .debug_abbrev  0x0000000000001826       0x14 /home/astosia/pebble-dev/pebble-sdk-4.5-linux64/arm-cs-tools/bin/../lib/gcc/arm-none-eabi/4.7.2/thumb2/libgcc.a(_arm_muldivdf3.o)
 .debug_abbrev  0x000000000000183a       0x14 /home/astosia/pebble-dev/pebble-sdk-4.5-linux64/arm-cs-tools/bin/../lib/gcc/arm-none-eabi/4.7.2/thumb2/libgcc.a(_arm_truncdfsf2.o)
 .debug_abbrev  0x000000000000184e       0x14 /home/astosia/pebble-dev/pebble-sdk-4.5-linux64/arm-cs-tools/bin/../lib/gcc/arm-none-eabi/4.7.2/thumb2/libgcc.a(_arm_addsubsf3.o)
 .debug_abbrev  0x0000000000001862       0x14 /home/astosia/pebble-dev/pebble-sdk-4.5-linux64/arm-cs-tools/bin/../lib/gcc/arm-none-eabi/4.7.2/thumb2/libgcc.a(_arm_muldivsf3.o)
 .debug_abbrev  0x0000000000001876       0x14 /home/astosia/pebble-dev/pebble-sdk-4.5-linux64/arm-cs-tools/bin/../lib/gcc/arm-none-eabi/4.7.2/thumb2/libgcc.a(_arm_cmpsf2.o)
 .debug_abbrev  0x000000000000188a       0x14 /home/astosia/pebble-dev/pebble-sdk-4.5-linux64/arm-cs-tools/bin/../lib/gcc/arm-none-eabi/4.7.2/thumb2/libgcc.a(_arm_fixsfsi.o)

.debug_loc      0x0000000000000000     0x5669
 .debug_loc     0x0000000000000000       0x41 src/c/blur.c.33.o
 .debug_loc     0x0000000000000041      0x24a src/c/effect_layer.c.33.o
 .debug_loc     0x000000000000028b     0x1945 src/c/effects.c.33.o
 .debug_loc     0x0000000000001bd0      0x84b src/c/main.c.33.o
 .debug_loc     0x000000000000241b      0x610 src/c/math.c.33.o
 .debug_loc     0x0000000000002a2b       0x9b src/c/weekday.c.33.o
 .debug_loc     0x0000000000002ac6     0x242c /home/astosia/pebble-dev/pebble-sdk-4.5-linux64/Rehoboam/node_modules/pebble-fctx/dist/binaries/aplite/libpebble-fctx.a(fctx.c.26.o)
 .debug_loc     0x0000000000004ef2      0x5f9 /home/astosia/pebble-dev/pebble-sdk-4.5-linux64/Rehoboam/node_modules/pebble-fctx/dist/binaries/aplite/libpebble-fctx.a(ffont.c.26.o)
 .debug_loc     0x00000000000054eb      0x17e /home/astosia/pebble-dev/pebble-sdk-4.5-linux64/Rehoboam/node_modules/pebble-utf8/dist/binaries/aplite/libpebble-utf8.a(pebble-utf8.c.26.o)

.debug_aranges  0x0000000000000000      0x510
 .debug_aranges
                0x0000000000000000       0x20 src/c/blur.c.33.o
 .debug_aranges
                0x0000000000000020       0x40 src/c/effect_layer.c.33.o
 .debug_aranges
                0x0000000000000060       0x98 src/c/effects.c.33.o
 .debug_aranges
                0x00000000000000f8       0x98 src/c/main.c.33.o
 .debug_aranges
                0x0000000000000190       0x80 src/c/math.c.33.o
 .debug_aranges
                0x0000000000000210       0x20 src/c/weekday.c.33.o
 .debug_aranges
                0x0000000000000230       0x18 aplite/appinfo.auto.c.33.o
 .debug_aranges
                0x0000000000000248       0x18 aplite/src/resource_ids.auto.c.33.o
 .debug_aranges
                0x0000000000000260       0x18 src/message_keys.auto.c.33.o
 .debug_aranges
                0x0000000000000278      0x128 /home/astosia/pebble-dev/pebble-sdk-4.5-linux64/Rehoboam/node_modules/pebble-fctx/dist/binaries/aplite/libpebble-fctx.a(fctx.c.26.o)
 .debug_aranges
                0x00000000000003a0       0x60 /home/astosia/pebble-dev/pebble-sdk-4.5-linux64/Rehoboam/node_modules/pebble-fctx/dist/binaries/aplite/libpebble-fctx.a(ffont.c.26.o)
 .debug_aranges
                0x0000000000000400       0x30 /home/astosia/pebble-dev/pebble-sdk-4.5-linux64/Rehoboam/node_modules/pebble-utf8/dist/binaries/aplite/libpebble-utf8.a(pebble-utf8.c.26.o)
 .debug_aranges
                0x0000000000000430       0x20 /home/astosia/pebble-dev/pebble-sdk-4.5-linux64/arm-cs-tools/bin/../lib/gcc/arm-none-eabi/4.7.2/thumb2/libgcc.a(_arm_addsubdf3.o)
 .debug_aranges
                0x0000000000000450       0x20 /home/astosia/pebble-dev/pebble-sdk-4.5-linux64/arm-cs-tools/bin/../lib/gcc/arm-none-eabi/4.7.2/thumb2/libgcc.a(_arm_muldivdf3.o)
 .debug_aranges
                0x0000000000000470       0x20 /home/astosia/pebble-dev/pebble-sdk-4.5-linux64/arm-cs-tools/bin/../lib/gcc/arm-none-eabi/4.7.2/thumb2/libgcc.a(_arm_truncdfsf2.o)
 .debug_aranges
                0x0000000000000490       0x20 /home/astosia/pebble-dev/pebble-sdk-4.5-linux64/arm-cs-tools/bin/../lib/gcc/arm-none-eabi/4.7.2/thumb2/libgcc.a(_arm_addsubsf3.o)
 .debug_aranges
                0x00000000000004b0       0x20 /home/astosia/pebble-dev/pebble-sdk-4.5-linux64/arm-cs-tools/bin/../lib/gcc/arm-none-eabi/4.7.2/thumb2/libgcc.a(_arm_muldivsf3.o)
 .debug_aranges
                0x00000000000004d0       0x20 /home/astosia/pebble-dev/pebble-sdk-4.5-linux64/arm-cs-tools/bin/../lib/gcc/arm-none-eabi/4.7.2/thumb2/libgcc.a(_arm_cmpsf2.o)
 .debug_aranges
                0x00000000000004f0       0x20 /home/astosia/pebble-dev/pebble-sdk-4.5-linux64/arm-cs-tools/bin/../lib/gcc/arm-none-eabi/4.7.2/thumb2/libgcc.a(_arm_fixsfsi.o)

.debug_ranges   0x0000000000000000      0x9c0
 .debug_ranges  0x0000000000000000       0x10 src/c/blur.c.33.o
 .debug_ranges  0x0000000000000010       0x30 src/c/effect_layer.c.33.o
 .debug_ranges  0x0000000000000040      0x4b8 src/c/effects.c.33.o
 .debug_ranges  0x00000000000004f8      0x148 src/c/main.c.33.o
 .debug_ranges  0x0000000000000640       0xb8 src/c/math.c.33.o
 .debug_ranges  0x00000000000006f8       0x10 src/c/weekday.c.33.o
 .debug_ranges  0x0000000000000708      0x1b8 /home/astosia/pebble-dev/pebble-sdk-4.5-linux64/Rehoboam/node_modules/pebble-fctx/dist/binaries/aplite/libpebble-fctx.a(fctx.c.26.o)
 .debug_ranges  0x00000000000008c0       0xe0 /home/astosia/pebble-dev/pebble-sdk-4.5-linux64/Rehoboam/node_modules/pebble-fctx/dist/binaries/aplite/libpebble-fctx.a(ffont.c.26.o)
 .debug_ranges  0x00000000000009a0       0x20 /home/astosia/pebble-dev/pebble-sdk-4.5-linux64/Rehoboam/node_modules/pebble-utf8/dist/binaries/aplite/libpebble-utf8.a(pebble-utf8.c.26.o)

.debug_line     0x0000000000000000     0x2cb3
 .debug_line    0x0000000000000000      0x123 src/c/blur.c.33.o
 .debug_line    0x0000000000000123      0x253 src/c/effect_layer.c.33.o
 .debug_line    0x0000000000000376      0x803 src/c/effects.c.33.o
 .debug_line    0x0000000000000b79      0x678 src/c/main.c.33.o
 .debug_line    0x00000000000011f1      0x1c3 src/c/math.c.33.o
 .debug_line    0x00000000000013b4       0xfe src/c/weekday.c.33.o
 .debug_line    0x00000000000014b2      0x123 aplite/appinfo.auto.c.33.o
 .debug_line    0x00000000000015d5       0xcd aplite/src/resource_ids.auto.c.33.o
 .debug_line    0x00000000000016a2       0xc6 src/message_keys.auto.c.33.o
 .debug_line    0x0000000000001768      0x826 /home/astosia/pebble-dev/pebble-sdk-4.5-linux64/Rehoboam/node_modules/pebble-fctx/dist/binaries/aplite/libpebble-fctx.a(fctx.c.26.o)
 .debug_line    0x0000000000001f8e      0x30d /home/astosia/pebble-dev/pebble-sdk-4.5-linux64/Rehoboam/node_modules/pebble-fctx/dist/binaries/aplite/libpebble-fctx.a(ffont.c.26.o)
 .debug_line    0x000000000000229b      0x157 /home/astosia/pebble-dev/pebble-sdk-4.5-linux64/Rehoboam/node_modules/pebble-utf8/dist/binaries/aplite/libpebble-utf8.a(pebble-utf8.c.26.o)
 .debug_line    0x00000000000023f2      0x20a /home/astosia/pebble-dev/pebble-sdk-4.5-linux64/arm-cs-tools/bin/../lib/gcc/arm-none-eabi/4.7.2/thumb2/libgcc.a(_arm_addsubdf3.o)
 .debug_line    0x00000000000025fc      0x226 /home/astosia/pebble-dev/pebble-sdk-4.5-linux64/arm-cs-tools/bin/../lib/gcc/arm-none-eabi/4.7.2/thumb2/libgcc.a(_arm_muldivdf3.o)
 .debug_line    0x0000000000002822       0x9a /home/astosia/pebble-dev/pebble-sdk-4.5-linux64/arm-cs-tools/bin/../lib/gcc/arm-none-eabi/4.7.2/thumb2/libgcc.a(_arm_truncdfsf2.o)
 .debug_line    0x00000000000028bc      0x128 /home/astosia/pebble-dev/pebble-sdk-4.5-linux64/arm-cs-tools/bin/../lib/gcc/arm-none-eabi/4.7.2/thumb2/libgcc.a(_arm_addsubsf3.o)
 .debug_line    0x00000000000029e4      0x149 /home/astosia/pebble-dev/pebble-sdk-4.5-linux64/arm-cs-tools/bin/../lib/gcc/arm-none-eabi/4.7.2/thumb2/libgcc.a(_arm_muldivsf3.o)
 .debug_line    0x0000000000002b2d      0x100 /home/astosia/pebble-dev/pebble-sdk-4.5-linux64/arm-cs-tools/bin/../lib/gcc/arm-none-eabi/4.7.2/thumb2/libgcc.a(_arm_cmpsf2.o)
 .debug_line    0x0000000000002c2d       0x86 /home/astosia/pebble-dev/pebble-sdk-4.5-linux64/arm-cs-tools/bin/../lib/gcc/arm-none-eabi/4.7.2/thumb2/libgcc.a(_arm_fixsfsi.o)

.debug_str      0x0000000000000000     0x2913
 .debug_str     0x0000000000000000       0xf8 src/c/blur.c.33.o
                                        0x13e (size before relaxing)
 .debug_str     0x00000000000000f8      0x1fe src/c/effect_layer.c.33.o
                                        0x34b (size before relaxing)
 .debug_str     0x00000000000002f6      0x6a0 src/c/effects.c.33.o
                                        0x839 (size before relaxing)
 .debug_str     0x0000000000000996     0x1120 src/c/main.c.33.o
                                       0x17df (size before relaxing)
 .debug_str     0x0000000000001ab6       0x78 src/c/math.c.33.o
                                        0x179 (size before relaxing)
 .debug_str     0x0000000000001b2e       0x7e src/c/weekday.c.33.o
                                        0x161 (size before relaxing)
 .debug_str     0x0000000000001bac      0x22a aplite/appinfo.auto.c.33.o
                                        0x32d (size before relaxing)
 .debug_str     0x0000000000001dd6      0x1c0 aplite/src/resource_ids.auto.c.33.o
                                        0x298 (size before relaxing)
 .debug_str     0x0000000000001f96      0x36d src/message_keys.auto.c.33.o
                                        0x667 (size before relaxing)
 .debug_str     0x0000000000002303      0x4d8 /home/astosia/pebble-dev/pebble-sdk-4.5-linux64/Rehoboam/node_modules/pebble-fctx/dist/binaries/aplite/libpebble-fctx.a(fctx.c.26.o)
                                        0xb1a (size before relaxing)
 .debug_str     0x00000000000027db       0xcd /home/astosia/pebble-dev/pebble-sdk-4.5-linux64/Rehoboam/node_modules/pebble-fctx/dist/binaries/aplite/libpebble-fctx.a(ffont.c.26.o)
                                        0x38a (size before relaxing)
 .debug_str     0x00000000000028a8       0x6b /home/astosia/pebble-dev/pebble-sdk-4.5-linux64/Rehoboam/node_modules/pebble-utf8/dist/binaries/aplite/libpebble-utf8.a(pebble-utf8.c.26.o)
                                        0x141 (size before relaxing)

.debug_frame    0x0000000000000000      0xbc4
 .debug_frame   0x0000000000000000       0x24 src/c/blur.c.33.o
 .debug_frame   0x0000000000000024       0x90 src/c/effect_layer.c.33.o
 .debug_frame   0x00000000000000b4      0x23c src/c/effects.c.33.o
 .debug_frame   0x00000000000002f0      0x1ec src/c/main.c.33.o
 .debug_frame   0x00000000000004dc      0x198 src/c/math.c.33.o
 .debug_frame   0x0000000000000674       0x2c src/c/weekday.c.33.o
 .debug_frame   0x00000000000006a0      0x400 /home/astosia/pebble-dev/pebble-sdk-4.5-linux64/Rehoboam/node_modules/pebble-fctx/dist/binaries/aplite/libpebble-fctx.a(fctx.c.26.o)
 .debug_frame   0x0000000000000aa0       0xe4 /home/astosia/pebble-dev/pebble-sdk-4.5-linux64/Rehoboam/node_modules/pebble-fctx/dist/binaries/aplite/libpebble-fctx.a(ffont.c.26.o)
 .debug_frame   0x0000000000000b84       0x40 /home/astosia/pebble-dev/pebble-sdk-4.5-linux64/Rehoboam/node_modules/pebble-utf8/dist/binaries/aplite/libpebble-utf8.a(pebble-utf8.c.26.o)
